STEP to UG
! INFO-     NX STEP AP203 - V12.0
! INFO-      
! INFO-     Start of Translation: 6-APR-2025  4:52:00 PM
! INFO-      
! STATUS-   Converting Part: C:\Users\MQSI\Desktop\Structure-main\-X Solar Board\-X Solar Board.step
! SUMMARY-   
! SUMMARY-    STEP Header Information
! SUMMARY-   
! SUMMARY-  Description      Designed by EasyEDA Pro
! SUMMARY-  Imp_Level        2;1
! SUMMARY-  File_Name        Open CASCADE Shape Model
! SUMMARY-  Date             2025-04-06T16:41:28
! SUMMARY-  Author           Author
! SUMMARY-  Organization     Open CASCADE
! SUMMARY-  Pre_Version      Open CASCADE STEP processor 7.8
! SUMMARY-  Orig_System      Open CASCADE 7.8
! SUMMARY-  Authorization    Unknown
! SUMMARY-  Schema_ID        automotive_design
! SUMMARY-   
! SUMMARY-    Summary of STEP Entities
! SUMMARY-   
! SUMMARY-  Entity Type                                                   Count
! SUMMARY-  -----------                                                   ------
! SUMMARY-  advanced_brep_shape_representation .........................:      1
! SUMMARY-  advanced_face ..............................................:     18
! SUMMARY-  application_context ........................................:      1
! SUMMARY-  axis2_placement_3d .........................................:     48
! SUMMARY-  cartesian_point ............................................:    104
! SUMMARY-  circle .....................................................:     24
! SUMMARY-  closed_shell ...............................................:      1
! SUMMARY-  context_dependent_shape_representation .....................:      5
! SUMMARY-  cylindrical_surface ........................................:     12
! SUMMARY-  direction ..................................................:    120
! SUMMARY-  edge_curve .................................................:     48
! SUMMARY-  edge_loop ..................................................:     26
! SUMMARY-  face_bound .................................................:     26
! SUMMARY-  geometric_representation_context_and_global_uncertainty_a ..:      6
! SUMMARY-  item_defined_transformation ................................:      5
! SUMMARY-  length_unit_and_si_unit ....................................:      6
! SUMMARY-  line .......................................................:     24
! SUMMARY-  manifold_solid_brep ........................................:      1
! SUMMARY-  next_assembly_usage_occurrence .............................:      5
! SUMMARY-  oriented_edge ..............................................:     96
! SUMMARY-  plane ......................................................:      6
! SUMMARY-  plane_angle_unit_and_si_unit ...............................:      6
! SUMMARY-  product ....................................................:      6
! SUMMARY-  product_context ............................................:      6
! SUMMARY-  product_definition .........................................:      6
! SUMMARY-  product_definition_context .................................:      6
! SUMMARY-  product_definition_formation ...............................:      6
! SUMMARY-  product_definition_shape ...................................:     11
! SUMMARY-  product_related_product_category ...........................:      6
! SUMMARY-  representation_relationship_with_transformation_and_shape ..:      5
! SUMMARY-  shape_representation .......................................:      5
! SUMMARY-  si_unit_and_solid_angle_unit ...............................:      6
! SUMMARY-  uncertainty_measure_with_unit ..............................:      6
! SUMMARY-  vector .....................................................:     24
! SUMMARY-  vertex_point ...............................................:     32
! SUMMARY-                                                               -------
! SUMMARY-  Total                                                            714
! STATUS-    
! STATUS-   Converting to Output Form (Phase 2 of 3): 6-APR-2025 4:52:00 PM
! STATUS-    
! STATUS-    
! STATUS-   Generating UG geometry and placing them in parts
! STATUS-    
! STATUS-   Creating the UG part (Phase 3 of 3): 6-APR-2025  4:52:00 PM
! INFO-     Filing Part ..: C:\Users\MQSI\Desktop\Structure-main\-X Solar Board\3Aft-Bot FPC Stiffener
! SUMMARY-   
! SUMMARY-  Summary of Unigraphics Part Entities
! SUMMARY-   
! SUMMARY-  Entities Processed             Count
! SUMMARY-  ------------------             -----
! SUMMARY-                                 -----
! SUMMARY-  Total                              0
! STATUS-   Creating the UG part (Phase 3 of 3): 6-APR-2025  4:52:00 PM
! INFO-     Filing Part ..: C:\Users\MQSI\Desktop\Structure-main\-X Solar Board\3Aft-Top FPC Stiffener
! SUMMARY-   
! SUMMARY-  Summary of Unigraphics Part Entities
! SUMMARY-   
! SUMMARY-  Entities Processed             Count
! SUMMARY-  ------------------             -----
! SUMMARY-                                 -----
! SUMMARY-  Total                              0
! STATUS-   Creating the UG part (Phase 3 of 3): 6-APR-2025  4:52:00 PM
! STATUS-    
! STATUS-   Creating UG solid body from Input Ent Id 87
! STATUS-    
! STATUS-   simplifying Bsplines to analytics
! STATUS-    
! STATUS-   converting tolerant edges into exact edges
! STATUS-    
! STATUS-   doing final check of body to report any faults
! STATUS-    
! INFO-     Filing Part ..: C:\Users\MQSI\Desktop\Structure-main\-X Solar Board\3Aft-Board
! SUMMARY-   
! SUMMARY-  Summary of Unigraphics Part Entities
! SUMMARY-   
! SUMMARY-  Entities Processed             Count
! SUMMARY-  ------------------             -----
! SUMMARY-  Solid .......................:     1
! SUMMARY-                                 -----
! SUMMARY-  Total                              1
! STATUS-   Creating the UG part (Phase 3 of 3): 6-APR-2025  4:52:00 PM
! INFO-     Filing Part ..: C:\Users\MQSI\Desktop\Structure-main\-X Solar Board\3Aft-BottomTrack
! SUMMARY-   
! SUMMARY-  Summary of Unigraphics Part Entities
! SUMMARY-   
! SUMMARY-  Entities Processed             Count
! SUMMARY-  ------------------             -----
! SUMMARY-                                 -----
! SUMMARY-  Total                              0
! STATUS-   Creating the UG part (Phase 3 of 3): 6-APR-2025  4:52:00 PM
! INFO-     Filing Part ..: C:\Users\MQSI\Desktop\Structure-main\-X Solar Board\3Aft-TopTrack
! SUMMARY-   
! SUMMARY-  Summary of Unigraphics Part Entities
! SUMMARY-   
! SUMMARY-  Entities Processed             Count
! SUMMARY-  ------------------             -----
! SUMMARY-                                 -----
! SUMMARY-  Total                              0
! STATUS-   Creating the UG part (Phase 3 of 3): 6-APR-2025  4:52:00 PM
! INFO-     Filing Part ..: C:\Users\MQSI\Desktop\Structure-main\-X Solar Board\-X Solar Board_step.prt
! SUMMARY-   
! SUMMARY-  Summary of Unigraphics Part Entities
! SUMMARY-   
! SUMMARY-  Entities Processed             Count
! SUMMARY-  ------------------             -----
! SUMMARY-  Component ...................:     5
! SUMMARY-                                 -----
! SUMMARY-  Total                              5
! INFO-      
! INFO-     Total number of solids input for this translation       :         1
! INFO-      
! INFO-     Number of solids created without body validation faults :         1
! INFO-      
! INFO-     Number of solids created with body validation fault(s)  :         0
! INFO-      
! INFO-     Number of solids ending up as sheet bodies              :         0
! INFO-      
! INFO-     End of Translation: 6-APR-2025  4:52:00 PM
! INFO-      
